[2025-08-17 10:50:44,945: INFO]: main: logging is implemented]
[2025-09-01 21:19:19,237: INFO]: main: >>>>>> Stage Data Ingestion Stage started <<<<<<]
[2025-09-01 21:19:19,243: INFO]: common: yaml file: config\config.yaml loaded successfully]
[2025-09-01 21:19:19,243: INFO]: common: yaml file: params.yaml loaded successfully]
[2025-09-01 21:19:19,247: ERROR]: main: yaml file is empty]
Traceback (most recent call last):
  File "D:\Projects\TextSummarizer\src\textSummarizer\utils\common.py", line 31, in read_yaml
    return ConfigBox(content)
  File "box\box.py", line 259, in box.box.Box.__init__
box.exceptions.BoxValueError: First argument must be mapping or iterable

During handling of the above exception, another exception occurred:

Traceback (most recent call last):
  File "D:\Projects\TextSummarizer\main.py", line 9, in <module>
    data_ingestion.main()
  File "D:\Projects\TextSummarizer\src\textSummarizer\pipeline\stage_1_data_ingestion_pipeline.py", line 11, in main
    config = ConfigurationManager()
  File "D:\Projects\TextSummarizer\src\textSummarizer\config\configuration.py", line 13, in __init__
    self.params = read_yaml(params_filepath)
  File "D:\Projects\TextSummarizer\venv\lib\site-packages\ensure\main.py", line 849, in __call__
    return_val = self.f(*args, **kwargs)
  File "D:\Projects\TextSummarizer\src\textSummarizer\utils\common.py", line 33, in read_yaml
    raise ValueError("yaml file is empty")
ValueError: yaml file is empty
[2025-09-01 21:21:03,969: INFO]: main: >>>>>> Stage Data Ingestion Stage started <<<<<<]
[2025-09-01 21:21:03,986: INFO]: common: yaml file: config\config.yaml loaded successfully]
[2025-09-01 21:21:03,987: INFO]: common: yaml file: params.yaml loaded successfully]
[2025-09-01 21:21:03,987: ERROR]: main: yaml file is empty]
Traceback (most recent call last):
  File "D:\Projects\TextSummarizer\src\textSummarizer\utils\common.py", line 31, in read_yaml
    return ConfigBox(content)
  File "box\box.py", line 259, in box.box.Box.__init__
box.exceptions.BoxValueError: First argument must be mapping or iterable

During handling of the above exception, another exception occurred:

Traceback (most recent call last):
  File "D:\Projects\TextSummarizer\main.py", line 9, in <module>
    data_ingestion.main()
  File "D:\Projects\TextSummarizer\src\textSummarizer\pipeline\stage_1_data_ingestion_pipeline.py", line 11, in main
    config = ConfigurationManager()
  File "D:\Projects\TextSummarizer\src\textSummarizer\config\configuration.py", line 13, in __init__
    self.params = read_yaml(params_filepath)
  File "D:\Projects\TextSummarizer\venv\lib\site-packages\ensure\main.py", line 849, in __call__
    return_val = self.f(*args, **kwargs)
  File "D:\Projects\TextSummarizer\src\textSummarizer\utils\common.py", line 33, in read_yaml
    raise ValueError("yaml file is empty")
ValueError: yaml file is empty
[2025-09-01 21:21:30,315: INFO]: main: >>>>>> Stage Data Ingestion Stage started <<<<<<]
[2025-09-01 21:21:30,315: INFO]: common: yaml file: config\config.yaml loaded successfully]
[2025-09-01 21:21:30,335: INFO]: common: yaml file: params.yaml loaded successfully]
[2025-09-01 21:21:30,335: INFO]: common: created directory at: artifacts]
[2025-09-01 21:21:30,335: ERROR]: main: name 'data_ingestion_config' is not defined]
Traceback (most recent call last):
  File "D:\Projects\TextSummarizer\main.py", line 9, in <module>
    data_ingestion.main()
  File "D:\Projects\TextSummarizer\src\textSummarizer\pipeline\stage_1_data_ingestion_pipeline.py", line 12, in main
    logger.info(f"Data Ingestion config: {data_ingestion_config}")
NameError: name 'data_ingestion_config' is not defined
[2025-09-01 21:25:33,805: INFO]: main: >>>>>> Stage Data Ingestion Stage started <<<<<<]
[2025-09-01 21:25:33,805: ERROR]: main: DataIngestionTrainingPipeline.__init__() got an unexpected keyword argument 'config']
Traceback (most recent call last):
  File "D:\Projects\TextSummarizer\main.py", line 8, in <module>
    data_ingestion = DataIngestionTrainingPipeline(config=None)
TypeError: DataIngestionTrainingPipeline.__init__() got an unexpected keyword argument 'config'
[2025-09-01 21:26:51,989: INFO]: main: >>>>>> stage Data Ingestion Stage started <<<<<<]
[2025-09-01 21:26:51,989: INFO]: common: yaml file: config\config.yaml loaded successfully]
[2025-09-01 21:26:51,994: INFO]: common: yaml file: params.yaml loaded successfully]
[2025-09-01 21:26:51,994: INFO]: common: created directory at: artifacts]
[2025-09-01 21:26:51,994: INFO]: common: created directory at: artifacts/data_ingestion]
[2025-09-01 21:26:54,209: INFO]: data_ingestion: artifacts/data_ingestion/data.zip download! with following info: 
Connection: close
Content-Length: 7903594
Cache-Control: max-age=300
Content-Security-Policy: default-src 'none'; style-src 'unsafe-inline'; sandbox
Content-Type: application/zip
ETag: "dbc016a060da18070593b83afff580c9b300f0b6ea4147a7988433e04df246ca"
Strict-Transport-Security: max-age=31536000
X-Content-Type-Options: nosniff
X-Frame-Options: deny
X-XSS-Protection: 1; mode=block
X-GitHub-Request-Id: 55D0:2EBB3A:321459:8A85E1:68B6018D
Accept-Ranges: bytes
Date: Mon, 01 Sep 2025 20:26:55 GMT
Via: 1.1 varnish
X-Served-By: cache-lhr-egll1980087-LHR
X-Cache: MISS
X-Cache-Hits: 0
X-Timer: S1756758415.684987,VS0,VE333
Vary: Authorization,Accept-Encoding
Access-Control-Allow-Origin: *
Cross-Origin-Resource-Policy: cross-origin
X-Fastly-Request-ID: 355f7ad5ef7d291868fa8c292b6561bb707e7b86
Expires: Mon, 01 Sep 2025 20:31:55 GMT
Source-Age: 0

]
[2025-09-01 21:26:54,337: INFO]: main: >>>>>> stage Data Ingestion Stage completed <<<<<<

x==========x]
[2025-09-04 21:52:09,622: INFO]: main: >>>>>> stage Data Ingestion Stage started <<<<<<]
[2025-09-04 21:52:09,622: INFO]: common: yaml file: config\config.yaml loaded successfully]
[2025-09-04 21:52:09,654: INFO]: common: yaml file: params.yaml loaded successfully]
[2025-09-04 21:52:09,654: INFO]: common: created directory at: artifacts]
[2025-09-04 21:52:09,655: INFO]: common: created directory at: artifacts/data_ingestion]
[2025-09-04 21:52:09,655: INFO]: data_ingestion: File already exists of size: ~ 7718 KB]
[2025-09-04 21:52:09,760: INFO]: main: >>>>>> stage Data Ingestion Stage completed <<<<<<

x==========x]
[2025-09-04 21:53:51,609: INFO]: main: >>>>>> stage Data Ingestion Stage started <<<<<<]
[2025-09-04 21:53:51,609: INFO]: common: yaml file: config\config.yaml loaded successfully]
[2025-09-04 21:53:51,609: INFO]: common: yaml file: params.yaml loaded successfully]
[2025-09-04 21:53:51,609: INFO]: common: created directory at: artifacts]
[2025-09-04 21:53:51,609: INFO]: common: created directory at: artifacts/data_ingestion]
[2025-09-04 21:53:51,609: INFO]: data_ingestion: File already exists of size: ~ 7718 KB]
[2025-09-04 21:53:51,697: INFO]: main: >>>>>> stage Data Ingestion Stage completed <<<<<<

x==========x]
[2025-09-04 21:53:51,697: INFO]: main: >>>>>> stage Data Transformation stage started <<<<<<]
[2025-09-04 21:53:51,697: INFO]: common: yaml file: config\config.yaml loaded successfully]
[2025-09-04 21:53:51,697: INFO]: common: yaml file: params.yaml loaded successfully]
[2025-09-04 21:53:51,697: INFO]: common: created directory at: artifacts]
[2025-09-04 21:53:51,697: INFO]: common: created directory at: artifacts/data_transformation]
[2025-09-04 21:53:56,259: INFO]: main: >>>>>> stage Data Transformation stage completed <<<<<<

x==========x]
[2025-09-07 20:05:31,185: INFO]: main: >>>>>> stage Data Ingestion Stage started <<<<<<]
[2025-09-07 20:05:31,185: INFO]: common: yaml file: config\config.yaml loaded successfully]
[2025-09-07 20:05:31,190: INFO]: common: yaml file: params.yaml loaded successfully]
[2025-09-07 20:05:31,190: INFO]: common: created directory at: artifacts]
[2025-09-07 20:05:31,190: INFO]: common: created directory at: artifacts/data_ingestion]
[2025-09-07 20:05:31,190: INFO]: data_ingestion: File already exists of size: ~ 7718 KB]
[2025-09-07 20:05:31,267: INFO]: main: >>>>>> stage Data Ingestion Stage completed <<<<<<

x==========x]
[2025-09-07 20:05:31,267: INFO]: main: >>>>>> stage Data Transformation stage started <<<<<<]
[2025-09-07 20:05:31,267: INFO]: common: yaml file: config\config.yaml loaded successfully]
[2025-09-07 20:05:31,267: INFO]: common: yaml file: params.yaml loaded successfully]
[2025-09-07 20:05:31,267: INFO]: common: created directory at: artifacts]
[2025-09-07 20:05:31,267: INFO]: common: created directory at: artifacts/data_transformation]
[2025-09-07 20:05:32,757: INFO]: main: >>>>>> stage Data Transformation stage completed <<<<<<

x==========x]
[2025-09-07 20:05:32,758: INFO]: main: *******************]
[2025-09-07 20:05:32,758: INFO]: main: >>>>>> stage Model Trainer stage started <<<<<<]
[2025-09-07 20:05:32,760: INFO]: common: yaml file: config\config.yaml loaded successfully]
[2025-09-07 20:05:32,761: INFO]: common: yaml file: params.yaml loaded successfully]
[2025-09-07 20:05:32,762: INFO]: common: created directory at: artifacts]
[2025-09-07 20:05:32,762: ERROR]: main: 'NoneType' object has no attribute 'root_dir']
Traceback (most recent call last):
  File "D:\Projects\TextSummarizer\main.py", line 32, in <module>
    model_trainer.main()
  File "D:\Projects\TextSummarizer\src\textSummarizer\pipeline\stage_3_model_trainer_pipeline.py", line 13, in main
    model_trainer_config = config.get_model_trainer_config()
  File "D:\Projects\TextSummarizer\src\textSummarizer\config\configuration.py", line 51, in get_model_trainer_config
    root_dir=config.root_dir,
AttributeError: 'NoneType' object has no attribute 'root_dir'
[2025-09-07 20:06:58,194: INFO]: main: >>>>>> stage Data Ingestion Stage started <<<<<<]
[2025-09-07 20:06:58,218: INFO]: common: yaml file: config\config.yaml loaded successfully]
[2025-09-07 20:06:58,218: INFO]: common: yaml file: params.yaml loaded successfully]
[2025-09-07 20:06:58,218: INFO]: common: created directory at: artifacts]
[2025-09-07 20:06:58,218: INFO]: common: created directory at: artifacts/data_ingestion]
[2025-09-07 20:06:58,218: INFO]: data_ingestion: File already exists of size: ~ 7718 KB]
[2025-09-07 20:06:58,301: INFO]: main: >>>>>> stage Data Ingestion Stage completed <<<<<<

x==========x]
[2025-09-07 20:06:58,301: INFO]: main: >>>>>> stage Data Transformation stage started <<<<<<]
[2025-09-07 20:06:58,301: INFO]: common: yaml file: config\config.yaml loaded successfully]
[2025-09-07 20:06:58,301: INFO]: common: yaml file: params.yaml loaded successfully]
[2025-09-07 20:06:58,301: INFO]: common: created directory at: artifacts]
[2025-09-07 20:06:58,301: INFO]: common: created directory at: artifacts/data_transformation]
[2025-09-07 20:06:59,495: INFO]: main: >>>>>> stage Data Transformation stage completed <<<<<<

x==========x]
[2025-09-07 20:06:59,496: INFO]: main: *******************]
[2025-09-07 20:06:59,496: INFO]: main: >>>>>> stage Model Trainer stage started <<<<<<]
[2025-09-07 20:06:59,498: INFO]: common: yaml file: config\config.yaml loaded successfully]
[2025-09-07 20:06:59,500: INFO]: common: yaml file: params.yaml loaded successfully]
[2025-09-07 20:06:59,500: INFO]: common: created directory at: artifacts]
[2025-09-07 20:07:00,913: WARNING]: file_download: Xet Storage is enabled for this repo, but the 'hf_xet' package is not installed. Falling back to regular HTTP download. For better performance, install the package with: `pip install huggingface_hub[hf_xet]` or `pip install hf_xet`]
[2025-09-07 20:09:01,212: WARNING]: file_download: Xet Storage is enabled for this repo, but the 'hf_xet' package is not installed. Falling back to regular HTTP download. For better performance, install the package with: `pip install huggingface_hub[hf_xet]` or `pip install hf_xet`]
[2025-09-07 20:09:03,984: ERROR]: main: Directory artifacts/data_transformation/smasum_dataset not found]
Traceback (most recent call last):
  File "D:\Projects\TextSummarizer\main.py", line 32, in <module>
    model_trainer.main()
  File "D:\Projects\TextSummarizer\src\textSummarizer\pipeline\stage_3_model_trainer_pipeline.py", line 15, in main
    model_trainer_config.train()
  File "D:\Projects\TextSummarizer\src\textSummarizer\components\model_trainer.py", line 24, in train
    dataset_samsum_pt = load_from_disk(self.config.data_path)
  File "D:\Projects\TextSummarizer\venv\lib\site-packages\datasets\load.py", line 1466, in load_from_disk
    raise FileNotFoundError(f"Directory {dataset_path} not found")
FileNotFoundError: Directory artifacts/data_transformation/smasum_dataset not found
[2025-09-07 20:18:58,799: INFO]: main: >>>>>> stage Data Ingestion Stage started <<<<<<]
[2025-09-07 20:18:58,799: INFO]: common: yaml file: config\config.yaml loaded successfully]
[2025-09-07 20:18:58,799: INFO]: common: yaml file: params.yaml loaded successfully]
[2025-09-07 20:18:58,799: INFO]: common: created directory at: artifacts]
[2025-09-07 20:18:58,799: INFO]: common: created directory at: artifacts/data_ingestion]
[2025-09-07 20:18:58,799: INFO]: data_ingestion: File already exists of size: ~ 7718 KB]
[2025-09-07 20:18:58,888: INFO]: main: >>>>>> stage Data Ingestion Stage completed <<<<<<

x==========x]
[2025-09-07 20:18:58,888: INFO]: main: >>>>>> stage Data Transformation stage started <<<<<<]
[2025-09-07 20:18:58,889: INFO]: common: yaml file: config\config.yaml loaded successfully]
[2025-09-07 20:18:58,889: INFO]: common: yaml file: params.yaml loaded successfully]
[2025-09-07 20:18:58,889: INFO]: common: created directory at: artifacts]
[2025-09-07 20:18:58,889: INFO]: common: created directory at: artifacts/data_transformation]
[2025-09-07 20:19:00,038: INFO]: main: >>>>>> stage Data Transformation stage completed <<<<<<

x==========x]
[2025-09-07 20:19:00,038: INFO]: main: *******************]
[2025-09-07 20:19:00,039: INFO]: main: >>>>>> stage Model Trainer stage started <<<<<<]
[2025-09-07 20:19:00,041: INFO]: common: yaml file: config\config.yaml loaded successfully]
[2025-09-07 20:19:00,044: INFO]: common: yaml file: params.yaml loaded successfully]
[2025-09-07 20:19:00,045: INFO]: common: created directory at: artifacts]
[2025-09-07 20:19:05,735: ERROR]: main: Directory artifacts/data_transformation/smasum_dataset not found]
Traceback (most recent call last):
  File "D:\Projects\TextSummarizer\main.py", line 32, in <module>
    model_trainer.main()
  File "D:\Projects\TextSummarizer\src\textSummarizer\pipeline\stage_3_model_trainer_pipeline.py", line 15, in main
    model_trainer_config.train()
  File "D:\Projects\TextSummarizer\src\textSummarizer\components\model_trainer.py", line 24, in train
    dataset_samsum_pt = load_from_disk(self.config.data_path)
  File "D:\Projects\TextSummarizer\venv\lib\site-packages\datasets\load.py", line 1466, in load_from_disk
    raise FileNotFoundError(f"Directory {dataset_path} not found")
FileNotFoundError: Directory artifacts/data_transformation/smasum_dataset not found
[2025-09-07 20:20:00,893: INFO]: main: >>>>>> stage Data Ingestion Stage started <<<<<<]
[2025-09-07 20:20:00,923: INFO]: common: yaml file: config\config.yaml loaded successfully]
[2025-09-07 20:20:00,925: INFO]: common: yaml file: params.yaml loaded successfully]
[2025-09-07 20:20:00,928: INFO]: common: created directory at: artifacts]
[2025-09-07 20:20:00,928: INFO]: common: created directory at: artifacts/data_ingestion]
[2025-09-07 20:20:00,928: INFO]: data_ingestion: File already exists of size: ~ 7718 KB]
[2025-09-07 20:20:01,015: INFO]: main: >>>>>> stage Data Ingestion Stage completed <<<<<<

x==========x]
[2025-09-07 20:20:01,015: INFO]: main: >>>>>> stage Data Transformation stage started <<<<<<]
[2025-09-07 20:20:01,015: INFO]: common: yaml file: config\config.yaml loaded successfully]
[2025-09-07 20:20:01,015: INFO]: common: yaml file: params.yaml loaded successfully]
[2025-09-07 20:20:01,015: INFO]: common: created directory at: artifacts]
[2025-09-07 20:20:01,022: INFO]: common: created directory at: artifacts/data_transformation]
[2025-09-07 20:20:02,185: INFO]: main: >>>>>> stage Data Transformation stage completed <<<<<<

x==========x]
[2025-09-07 20:20:02,185: INFO]: main: *******************]
[2025-09-07 20:20:02,185: INFO]: main: >>>>>> stage Model Trainer stage started <<<<<<]
[2025-09-07 20:20:02,188: INFO]: common: yaml file: config\config.yaml loaded successfully]
[2025-09-07 20:20:02,188: INFO]: common: yaml file: params.yaml loaded successfully]
[2025-09-07 20:20:02,191: INFO]: common: created directory at: artifacts]
[2025-09-07 20:20:07,427: ERROR]: main: TrainingArguments.__init__() got an unexpected keyword argument 'evaluation_strategy']
Traceback (most recent call last):
  File "D:\Projects\TextSummarizer\main.py", line 32, in <module>
    model_trainer.main()
  File "D:\Projects\TextSummarizer\src\textSummarizer\pipeline\stage_3_model_trainer_pipeline.py", line 15, in main
    model_trainer_config.train()
  File "D:\Projects\TextSummarizer\src\textSummarizer\components\model_trainer.py", line 35, in train
    trainer_args = TrainingArguments(
TypeError: TrainingArguments.__init__() got an unexpected keyword argument 'evaluation_strategy'
[2025-09-07 20:38:26,461: INFO]: main: >>>>>> stage Data Ingestion Stage started <<<<<<]
[2025-09-07 20:38:26,461: INFO]: common: yaml file: config\config.yaml loaded successfully]
[2025-09-07 20:38:26,461: INFO]: common: yaml file: params.yaml loaded successfully]
[2025-09-07 20:38:26,461: INFO]: common: created directory at: artifacts]
[2025-09-07 20:38:26,461: INFO]: common: created directory at: artifacts/data_ingestion]
[2025-09-07 20:38:26,466: INFO]: data_ingestion: File already exists of size: ~ 7718 KB]
[2025-09-07 20:38:26,599: INFO]: main: >>>>>> stage Data Ingestion Stage completed <<<<<<

x==========x]
[2025-09-07 20:38:26,599: INFO]: main: >>>>>> stage Data Transformation stage started <<<<<<]
[2025-09-07 20:38:26,601: INFO]: common: yaml file: config\config.yaml loaded successfully]
[2025-09-07 20:38:26,603: INFO]: common: yaml file: params.yaml loaded successfully]
[2025-09-07 20:38:26,604: INFO]: common: created directory at: artifacts]
[2025-09-07 20:38:26,604: INFO]: common: created directory at: artifacts/data_transformation]
[2025-09-07 20:38:28,176: ERROR]: main: [Errno 22] Invalid argument: 'D:/Projects/TextSummarizer/artifacts/data_transformation/samsum_dataset/train/data-00000-of-00001.arrow']
Traceback (most recent call last):
  File "D:\Projects\TextSummarizer\main.py", line 20, in <module>
    data_transformation.main()
  File "D:\Projects\TextSummarizer\src\textSummarizer\pipeline\stage_2_data_transformation_pipeline.py", line 14, in main
    data_transformation.convert()
  File "D:\Projects\TextSummarizer\src\textSummarizer\components\data_transformation.py", line 32, in convert
    dataset_samsum_pt.save_to_disk(os.path.join(self.config.root_dir,"samsum_dataset"))
  File "D:\Projects\TextSummarizer\venv\lib\site-packages\datasets\dataset_dict.py", line 1350, in save_to_disk
    dataset.save_to_disk(
  File "D:\Projects\TextSummarizer\venv\lib\site-packages\datasets\arrow_dataset.py", line 1626, in save_to_disk
    for job_id, done, content in Dataset._save_to_disk_single(**kwargs):
  File "D:\Projects\TextSummarizer\venv\lib\site-packages\datasets\arrow_dataset.py", line 1650, in _save_to_disk_single
    writer = ArrowWriter(
  File "D:\Projects\TextSummarizer\venv\lib\site-packages\datasets\arrow_writer.py", line 389, in __init__
    self.stream = self._fs.open(path, "wb")
  File "D:\Projects\TextSummarizer\venv\lib\site-packages\fsspec\spec.py", line 1310, in open
    f = self._open(
  File "D:\Projects\TextSummarizer\venv\lib\site-packages\fsspec\implementations\local.py", line 201, in _open
    return LocalFileOpener(path, mode, fs=self, **kwargs)
  File "D:\Projects\TextSummarizer\venv\lib\site-packages\fsspec\implementations\local.py", line 365, in __init__
    self._open()
  File "D:\Projects\TextSummarizer\venv\lib\site-packages\fsspec\implementations\local.py", line 370, in _open
    self.f = open(self.path, mode=self.mode)
OSError: [Errno 22] Invalid argument: 'D:/Projects/TextSummarizer/artifacts/data_transformation/samsum_dataset/train/data-00000-of-00001.arrow'
[2025-09-07 20:41:17,047: INFO]: main: >>>>>> stage Data Ingestion Stage started <<<<<<]
[2025-09-07 20:41:17,047: INFO]: common: yaml file: config\config.yaml loaded successfully]
[2025-09-07 20:41:17,047: INFO]: common: yaml file: params.yaml loaded successfully]
[2025-09-07 20:41:17,047: INFO]: common: created directory at: artifacts]
[2025-09-07 20:41:17,047: INFO]: common: created directory at: artifacts/data_ingestion]
[2025-09-07 20:41:17,047: INFO]: data_ingestion: File already exists of size: ~ 7718 KB]
[2025-09-07 20:41:17,145: INFO]: main: >>>>>> stage Data Ingestion Stage completed <<<<<<

x==========x]
[2025-09-07 20:41:17,145: INFO]: main: >>>>>> stage Data Transformation stage started <<<<<<]
[2025-09-07 20:41:17,145: INFO]: common: yaml file: config\config.yaml loaded successfully]
[2025-09-07 20:41:17,145: INFO]: common: yaml file: params.yaml loaded successfully]
[2025-09-07 20:41:17,145: INFO]: common: created directory at: artifacts]
[2025-09-07 20:41:17,145: INFO]: common: created directory at: artifacts/data_transformation]
[2025-09-07 20:41:18,266: INFO]: main: >>>>>> stage Data Transformation stage completed <<<<<<

x==========x]
[2025-09-07 20:41:18,267: INFO]: main: *******************]
[2025-09-07 20:41:18,267: INFO]: main: >>>>>> stage Model Trainer stage started <<<<<<]
[2025-09-07 20:41:18,270: INFO]: common: yaml file: config\config.yaml loaded successfully]
[2025-09-07 20:41:18,272: INFO]: common: yaml file: params.yaml loaded successfully]
[2025-09-07 20:41:18,272: INFO]: common: created directory at: artifacts]
[2025-09-07 20:41:25,890: ERROR]: main: TrainingArguments.__init__() got an unexpected keyword argument 'evaluation_strategy']
Traceback (most recent call last):
  File "D:\Projects\TextSummarizer\main.py", line 32, in <module>
    model_trainer.main()
  File "D:\Projects\TextSummarizer\src\textSummarizer\pipeline\stage_3_model_trainer_pipeline.py", line 15, in main
    model_trainer_config.train()
  File "D:\Projects\TextSummarizer\src\textSummarizer\components\model_trainer.py", line 35, in train
    trainer_args = TrainingArguments(
TypeError: TrainingArguments.__init__() got an unexpected keyword argument 'evaluation_strategy'
[2025-09-07 20:50:02,993: INFO]: main: >>>>>> stage Data Ingestion Stage started <<<<<<]
[2025-09-07 20:50:02,997: INFO]: common: yaml file: config\config.yaml loaded successfully]
[2025-09-07 20:50:02,997: INFO]: common: yaml file: params.yaml loaded successfully]
[2025-09-07 20:50:02,997: INFO]: common: created directory at: artifacts]
[2025-09-07 20:50:03,000: INFO]: common: created directory at: artifacts/data_ingestion]
[2025-09-07 20:50:03,000: INFO]: data_ingestion: File already exists of size: ~ 7718 KB]
[2025-09-07 20:50:03,084: INFO]: main: >>>>>> stage Data Ingestion Stage completed <<<<<<

x==========x]
[2025-09-07 20:50:03,084: INFO]: main: >>>>>> stage Data Transformation stage started <<<<<<]
[2025-09-07 20:50:03,084: INFO]: common: yaml file: config\config.yaml loaded successfully]
[2025-09-07 20:50:03,088: INFO]: common: yaml file: params.yaml loaded successfully]
[2025-09-07 20:50:03,088: INFO]: common: created directory at: artifacts]
[2025-09-07 20:50:03,088: INFO]: common: created directory at: artifacts/data_transformation]
[2025-09-07 20:50:06,565: INFO]: main: >>>>>> stage Data Transformation stage completed <<<<<<

x==========x]
[2025-09-07 20:50:06,565: INFO]: main: *******************]
[2025-09-07 20:50:06,565: INFO]: main: >>>>>> stage Model Trainer stage started <<<<<<]
[2025-09-07 20:50:06,568: INFO]: common: yaml file: config\config.yaml loaded successfully]
[2025-09-07 20:50:06,570: INFO]: common: yaml file: params.yaml loaded successfully]
[2025-09-07 20:50:06,570: INFO]: common: created directory at: artifacts]
[2025-09-07 20:50:12,416: ERROR]: main: TrainingArguments.__init__() got an unexpected keyword argument 'evaluate_during_training']
Traceback (most recent call last):
  File "D:\Projects\TextSummarizer\main.py", line 32, in <module>
    model_trainer.main()
  File "D:\Projects\TextSummarizer\src\textSummarizer\pipeline\stage_3_model_trainer_pipeline.py", line 15, in main
    model_trainer_config.train()
  File "D:\Projects\TextSummarizer\src\textSummarizer\components\model_trainer.py", line 35, in train
    trainer_args = TrainingArguments(
TypeError: TrainingArguments.__init__() got an unexpected keyword argument 'evaluate_during_training'
